// Jest Snapshot v1, https://goo.gl/fbAQLP

exports[`Test API Services throws error when long url is not present 1`] = `"Error: No url entered."`;
